SQL> --ERD를 참고하여 테이블 생성하기
SQL> --E(Entity) R(Relation) D(Diagram) : \객체 관계도
SQL> SELECT TABLE_NAME FROM USER_TABLES;

TABLE_NAME                                                                      
------------------------------------------------------------                    
DEPT                                                                            
EMP                                                                             
MEMBER                                                                          
CUSTOMER                                                                        

SQL> -- OWNER TABLE CREATE.
SQL> CREATE TABLE OWNER(
  2  OWNER_ID NUMBER PRIMARY KEY
  3  , ONWER_NAME VARCHAR2(20)
  4  ED
  5  ;
ED
*
ERROR at line 4:
ORA-00907: missing right parenthesis 


SQL> CREATE TABLE OWNER(
  2  OWNER_ID NUMBER PRIMARY KEY
  3  , OWNER_NAME VARCHAR2(20)
  4  , PHONE VARCHAR2(20)
  5  );

Table created.

SQL> -- OWNER TABLE SEQUENCE AUTO INCRE.
SQL> CREATE SEQUENCE SEQ_OWNER
  2  INCREMENT BY 1
  3  START WITH 1;

Sequence created.

SQL> CREATE ANIMALTYPE(
  2  ANIMALTYPE_ID NUMBER PRIMARY KEY
  3  ,TYPE_NAME VARCHAR2(25)
  4  );
CREATE ANIMALTYPE(
       *
ERROR at line 1:
ORA-00901: invalid CREATE command 


SQL> CREATE TABLE ANIMALTYPE(
  2  ANIMALTYPE_ID NUMBER PRIMARY KEY
  3  ,TYPE_NAME VARCHAR2(25)
  4  );

Table created.

SQL> CREATE SEQUENCE SEQ_ANIMALTYPE
  2  INCREMENT BY 1
  3  START WITH 1;

Sequence created.

SQL> CREATE TABLE PET(
  2  PET_ID NUMBER PRIMARY KEY
  3  , PET_NAME VARCHAR2(20)
  4  , AGE NUMBER
  5  , OWNER_ID NUMBER
  6  , ANIMALTYPE_ID NUMBE
  7  , CONSTRAINT FK_ONWER_PET FOREIGN KEY(OWNER_ID) REFERENCES OWNER(OWNER_ID)
  8  , CONSTRAINT FK_ANIMALTYPE_PET FOREIGN KEY(ANIMALTYPE_ID) REFERENCES ANIMALTYPE(ANIMALTYPE_ID)
  9  );
, ANIMALTYPE_ID NUMBE
                *
ERROR at line 6:
ORA-00902: invalid datatype 


SQL> ED;
Wrote file afiedt.buf

  1  CREATE TABLE PET(
  2  PET_ID NUMBER PRIMARY KEY
  3  , PET_NAME VARCHAR2(20)
  4  , AGE NUMBER
  5  , OWNER_ID NUMBER
  6  , ANIMALTYPE_ID NUMBER
  7  , CONSTRAINT FK_ONWER_PET FOREIGN KEY(OWNER_ID) REFERENCES OWNER(OWNER_ID)
  8  , CONSTRAINT FK_ANIMALTYPE_PET FOREIGN KEY(ANIMALTYPE_ID) REFERENCES ANIMALTYPE(ANIMALTYPE_ID)
  9* )
SQL> 
SQL> DESC PET;
ERROR:
ORA-04043: object PET does not exist 


SQL> CREATE TABLE PET(
  2    2  PET_ID NUMBER PRIMARY KEY
  3    3  , PET_NAME VARCHAR2(20)
  4    4  , AGE NUMBER
  5    5  , OWNER_ID NUMBER
  6    6  , ANIMALTYPE_ID NUMBER
  7    7  , CONSTRAINT FK_ONWER_PET FOREIGN KEY(OWNER_ID) REFERENCES OWNER(OWNER_ID)
  8    8  , CONSTRAINT FK_ANIMALTYPE_PET FOREIGN KEY(ANIMALTYPE_ID) REFERENCES ANIMALTYPE(ANIMALTYPE_ID)
  9    9* )
 10  ;
  2  PET_ID NUMBER PRIMARY KEY
  *
ERROR at line 2:
ORA-00904: : invalid identifier 


SQL> CREATE TABLE PET(
  2    2  PET_ID NUMBER PRIMARY KEY
  3    3  , PET_NAME VARCHAR2(20)
  4    4  , AGE NUMBER
  5    5  , OWNER_ID NUMBER
  6    6  , ANIMALTYPE_ID NUMBER
  7    7  , CONSTRAINT FK_ONWER_PET FOREIGN KEY(OWNER_ID) REFERENCES OWNER(OWNER_ID)
  8    8  , CONSTRAINT FK_ANIMALTYPE_PET FOREIGN KEY(ANIMALTYPE_ID) REFERENCES ANIMALTYPE(ANIMALTYPE_ID)
  9    9* );
  2  PET_ID NUMBER PRIMARY KEY
  *
ERROR at line 2:
ORA-00904: : invalid identifier 


SQL> CREATE TABLE PET(
  2    2  PET_ID NUMBER PRIMARY KEY
  3    3  , PET_NAME VARCHAR2(20)
  4    4  , AGE NUMBER
  5    5  , OWNER_ID NUMBER
  6    6  , ANIMALTYPE_ID NUMBER
  7    7  , CONSTRAINT FK_ONWER_PET FOREIGN KEY(OWNER_ID) REFERENCES OWNER(OWNER_ID)
  8    8  , CONSTRAINT FK_ANIMALTYPE_PET FOREIGN KEY(ANIMALTYPE_ID) REFERENCES ANIMALTYPE(ANIMALTYPE_ID)
  9  
SQL> CREATE TABLE PET(
  2  PET_ID NUMBER PRIMARY KEY
  3  , PET_NAME VARCHAR2(20)
  4  , AGE NUMBER
  5  , OWNER_ID NUMBER
  6  , ANIMALTYPE_ID NUMBER
  7  , CONSTRAINT FK_ONWER_PET FOREIGN KEY(OWNER_ID) REFERENCES OWNER(OWNER_ID)
  8  , CONSTRAINT FK_ANIMALTYPE_PET FOREIGN KEY(ANIMALTYPE_ID) REFERENCES ANIMALTYPE(ANIMALTYPE_ID)
  9  );

Table created.

SQL> SPOOL EXIT;
